// Jest Snapshot v1, https://goo.gl/fbAQLP

exports[`kaiku should handle changing rootNode.firstChild 1`] = `"<div>Hello, I am a div tag!</div>"`;

exports[`kaiku should handle changing rootNode.firstChild 2`] = `"<span>Hello, I am a span tag!</span>"`;

exports[`kaiku should handle updates in an array efficiently 1`] = `"<div><div>Hello, I am item number 0</div><div>Hello, I am item number 1</div><div>Hello, I am item number 2</div><div>Hello, I am item number 3</div><div>Hello, I am item number 4</div></div>"`;

exports[`kaiku should handle updates in an array efficiently 2`] = `"<div><div>Hello, I am item number 0</div><div>Hello, I am item number 1</div><div>Hello, I am item number 2</div><div>Hello, I am item number 3</div><div>Hello, I am item number 4</div></div>"`;

exports[`kaiku should handle updates in an array efficiently 3`] = `"<div><div>Hello, I am item number 0</div><div>Hello, I am item number 1</div><div>I'm changing my name aswell!</div><div>Hello, I am item number 3</div><div>Hello, I am item number 4</div></div>"`;

exports[`kaiku should handle updates in an array efficiently 4`] = `"<div><div>Hello, I am item number 0</div><div>Hello, I am item number 1</div><div>I'm changing my name aswell!</div><div>Hello, I am item number 3</div><div>Hello, I am item number 4</div><div>Hello, I am item number 5</div></div>"`;

exports[`kaiku should handle updates in an array efficiently 5`] = `"<div><div>Hello, I am item number 4</div><div>Hello, I am item number 1</div><div>I'm changing my name aswell!</div><div>Hello, I am item number 3</div><div>Hello, I am item number 0</div><div>Hello, I am item number 5</div></div>"`;

exports[`kaiku should handle updates in an array efficiently 6`] = `"<div><div>I'm changing my name aswell!</div><div>Hello, I am item number 3</div><div>Hello, I am item number 0</div><div>Hello, I am item number 5</div></div>"`;

exports[`kaiku should not exhaust call stack with MANY nested elements 1`] = `"<div>I am the final child!</div>"`;

exports[`kaiku should not exhaust call stack with MANY nested elements 2`] = `"<div>I am the final child!</div>"`;

exports[`kaiku should render every item in the Big List of Naughty Strings 1`] = `
"<div><span></span><span>undefined</span><span>undef</span><span>null</span><span>NULL</span><span>(null)</span><span>nil</span><span>NIL</span><span>true</span><span>false</span><span>True</span><span>False</span><span>TRUE</span><span>FALSE</span><span>None</span><span>hasOwnProperty</span><span>\\\\</span><span>0</span><span>1</span><span>1.00</span><span>$1.00</span><span>1/2</span><span>1E2</span><span>1E02</span><span>1E+02</span><span>-1</span><span>-1.00</span><span>-$1.00</span><span>-1/2</span><span>-1E2</span><span>-1E02</span><span>-1E+02</span><span>1/0</span><span>0/0</span><span>-2147483648/-1</span><span>-9223372036854775808/-1</span><span>-0</span><span>-0.0</span><span>+0</span><span>+0.0</span><span>0.00</span><span>0..0</span><span>.</span><span>0.0.0</span><span>0,00</span><span>0,,0</span><span>,</span><span>0,0,0</span><span>0.0/0</span><span>1.0/0.0</span><span>0.0/0.0</span><span>1,0/0,0</span><span>0,0/0,0</span><span>--1</span><span>-</span><span>-.</span><span>-,</span><span>999999999999999999999999999999999999999999999999999999999</span><span>999999999999999999999999999999999999999</span><span>NaN</span><span>Infinity</span><span>-Infinity</span><span>INF</span><span>1#INF</span><span>-1#IND</span><span>1#QNAN</span><span>1#SNAN</span><span>1#IND</span><span>0x0</span><span>0xffffffff</span><span>0xffffffffffffffff</span><span>0xabad1dea</span><span>123456789012345678901234567890123456789</span><span>1,000.00</span><span>1 000.00</span><span>1'000.00</span><span>1,000,000.00</span><span>1 000 000.00</span><span>1'000'000.00</span><span>1.000,00</span><span>1 000,00</span><span>1'000,00</span><span>1.000.000,00</span><span>1 000 000,00</span><span>1'000'000,00</span><span>01000</span><span>08</span><span>09</span><span>2.2250738585072011e-308</span><span>,./;'[]-=</span><span>&lt;&gt;?:\\"{}|_+</span><span>!@#$%^&amp;*()\`~</span><span></span><span>�</span><span>�</span><span> &nbsp;            ​   �</span><span>�　</span><span>­؀؁؂؃؄؅؜۝܏᠎​‌‍‎‏‪‫‬‭‮⁠�</span><span>��⁢⁣⁤⁦⁧⁨⁩⁪⁫⁬⁭⁮⁯﻿￹￺￻𑂽</span><span>𛲠𛲡𛲢𛲣𝅳𝅴𝅵𝅶𝅷𝅸𝅹𝅺󠀁󠀠�</span><span>���󠀢󠀣󠀤󠀥󠀦󠀧󠀨󠀩󠀪󠀫󠀬󠀭󠀮�</span><span>��󠀰󠀱󠀲󠀳󠀴󠀵󠀶󠀷󠀸󠀹󠀺󠀻󠀼�</span><span>�󠀾󠀿󠁀󠁁󠁂󠁃󠁄󠁅󠁆󠁇󠁈󠁉󠁊󠁋</span><span>󠁌󠁍󠁎󠁏󠁐󠁑󠁒󠁓󠁔󠁕󠁖󠁗󠁘󠁙�</span><span>���󠁛󠁜󠁝󠁞󠁟󠁠󠁡󠁢󠁣󠁤󠁥󠁦󠁧�</span><span>��󠁩󠁪󠁫󠁬󠁭󠁮󠁯󠁰󠁱󠁲󠁳󠁴󠁵�</span><span>�󠁷󠁸󠁹󠁺󠁻󠁼󠁽󠁾󠁿</span><span>﻿</span><span>￾</span><span>Ω≈ç√∫˜µ≤≥÷</span><span>åß∂ƒ©˙∆˚¬…æ</span><span>œ∑´®†¥¨ˆøπ“‘</span><span>¡™£¢∞§¶•ªº–≠</span><span>¸˛Ç◊ı˜Â¯˘¿</span><span>ÅÍÎÏ˝ÓÔÒÚÆ☃</span><span>Œ„´‰ˇÁ¨ˆØ∏”’</span><span>\`⁄€‹›ﬁﬂ‡°·‚—±</span><span>⅛⅜⅝⅞</span><span>ЁЂЃЄЅІЇЈЉЊЋЌЍЎЏАБВГДЕЖЗИЙКЛМ�</span><span>�ОПРСТУФХЦЧШЩЪЫЬЭЮЯабвгдежзий</span><span>клмнопрстуфхцчшщъыьэюя</span><span>٠١٢٣٤٥٦٧٨٩</span><span>⁰⁴⁵</span><span>₀₁₂</span><span>⁰⁴⁵₀₁₂</span><span>ด้้้้้็็็็็้้้้้็็็</span><span>็็้้้้้้้้็็็็็้้้้</span><span>้็็็็็้้้้้้้้็็็็็</span><span>้้้้้็็็็็้้้้้้้้็</span><span>็็็็้้้้้็็็็ ด้้้้�</span><span>�็็็็็้้้้้็็็็็้้้�</span><span>�้้้้็็็็็้้้้้็็็็�</span><span>�้้้้้้้้็็็็็้้้้้�</span><span>�็็็็้้้้้้้้็็็็็้�</span><span>�้้้็็็็ ด้้้้้็็็็็�</span><span>��้้้้็็็็็้้้้้้้้็�</span><span>��็็็้้้้้็็็็็้้้้้�</span><span>��้้็็็็็้้้้้็็็็็้�</span><span>��้้้้้้็็็็็้้้้้็็�</span><span>��็</span><span>'</span><span>\\"</span><span>''</span><span>\\"\\"</span><span>'\\"'</span><span>\\"''''\\"'\\"</span><span>\\"'\\"'\\"''''\\"</span><span>&lt;foo val=“bar” /&gt;</span><span>&lt;foo val=“bar” /&gt;</span><span>&lt;foo val=”bar“ /&gt;</span><span>&lt;foo val=\`bar' /&gt;</span><span>田中さんにあげて下さい</span><span>パーティーへ行かないか</span><span>和製漢語</span><span>部落格</span><span>사회과학원 어학연구소</span><span>찦차를 타고 온 펲시맨과 쑛다리 똠방각하</span><span>社會科學院語學研究所</span><span>울란바토르</span><span>𠜎𠜱𠝹𠱓𠱸𠲖𠳏</span><span>表ポあA鷗ŒéＢ逍Üßªąñ丂㐀𠀀</span><span>ヽ༼ຈل͜ຈ༽ﾉ ヽ༼ຈل͜ຈ༽ﾉ</span><span>(｡◕ ∀ ◕｡)</span><span>｀ｨ(´∀｀∩</span><span>__ﾛ(,_,*)</span><span>・(￣∀￣)・:*:</span><span>ﾟ･✿ヾ╲(｡◕‿◕｡)╱✿･ﾟ</span><span>,。・:*:・゜’( ☻ ω ☻ )。・:*:・゜’</span><span>(╯°□°）╯︵ ┻━┻)</span><span>(ﾉಥ益ಥ）ﾉ﻿ ┻━┻</span><span>┬─┬ノ( º _ ºノ)</span><span>( ͡° ͜ʖ ͡°)</span><span>😍</span><span>👩🏽</span><span>👨‍🦰 👨🏿‍🦰 👨‍🦱 👨🏿‍🦱 🦹🏿‍♂️</span><span>👾 🙇 💁 🙅 🙆 🙋 🙎 🙍</span><span>🐵 🙈 🙉 🙊</span><span>❤️ 💔 💌 💕 💞 💓 💗 💖 💘 💝 💟 </span><span>💜 💛 💚 💙</span><span>✋🏿 💪🏿 👐🏿 🙌🏿 👏🏿 🙏🏿</span><span>🚾 🆒 🆓 🆕 🆖 🆗 🆙 🏧</span><span>0️⃣ 1️⃣ 2️⃣ 3️⃣ 4️⃣ 5️⃣ 6️⃣ 7</span><span>️⃣ 8️⃣ 9️⃣ 🔟</span><span>🇺🇸🇷🇺🇸 🇦🇫🇦🇲🇸</span><span>🇺🇸🇷🇺🇸🇦🇫🇦🇲</span><span>🇺🇸🇷🇺🇸🇦</span><span>１２３</span><span>١٢٣</span><span>ثم نفس سقطت وبالتحديد،, جزيرتي �</span><span>�استخدام أن دنو. إذ هنا؟ الستار �</span><span>�تنصيب كان. أهّل ايطاليا، بريطا�</span><span>�يا-فرنسا قد أخذ. سليمان، إتفاقي</span><span>ة بين ما, يذكر الحدود أي بعد, معا</span><span>ملة بولندا، الإطلاق عل إيو.</span><span>בְּרֵאשִׁית, בָּרָא אֱלֹהִים, א</span><span>ֵת הַשָּׁמַיִם, וְאֵת הָאָרֶץ</span><span>הָיְתָהtestالصفحات التّحول</span><span>﷽</span><span>ﷺ</span><span>مُنَاقَشَةُ سُبُلِ اِسْتِخْدَ�</span><span>�مِ اللُّغَةِ فِي النُّظُمِ الْ</span><span>قَائِمَةِ وَفِيم يَخُصَّ التَّ</span><span>طْبِيقَاتُ الْحاسُوبِيَّةُ،</span><span>᚛ᚄᚓᚐᚋᚒᚄ ᚑᚄᚂᚑᚏᚅ᚜</span><span>᚛                 ᚜
</span><span>‪‪test‪</span><span>‫test‫</span><span> test </span><span>test⁠test‫</span><span>⁦test⁧</span><span>Ṱ̺̺̕o͞ ̷i̲̬͇̪͙n̝̗͕v̟̜̘̦͟o̶̙̰̠kè�</span><span>�̮̺̪̹̱̤ ̖t̝͕̳̣̻̪͞h̼͓̲̦̳̘̲e͇̣̰̦̬</span><span>͎ ̢̼̻̱̘h͚͎͙̜̣̲ͅi̦̲̣̰̤v̻͍e̺̭̳̪̰-m</span><span>̢iͅn̖̺̞̲̯̰d̵̼̟͙̩̼̘̳ ̞̥̱̳̭r̛̗̘e͙p</span><span>͠r̼̞̻̭̗e̺̠̣͟s̘͇̳͍̝͉e͉̥̯̞̲͚̬͜ǹ̬�</span><span>�͎̟̖͇̤t͍̬̤͓̼̭͘ͅi̪̱n͠g̴͉ ͏͉ͅc̬̟h͡a</span><span>̫̻̯͘o̫̟̖͍̙̝͉s̗̦̲.̨̹͈̣</span><span>̡͓̞ͅI̗̘̦͝n͇͇͙v̮̫ok̲̫̙͈i̖͙̭̹̠̞n̡̻</span><span>̮̣̺g̲͈͙̭͙̬͎ ̰t͔̦h̞̲e̢̤ ͍̬̲͖f̴̘͕̣</span><span>è͖ẹ̥̩l͖͔͚i͓͚̦͠n͖͍̗͓̳̮g͍ ̨o͚̪͡f̘�</span><span>�̬ ̖̘͖̟͙̮c҉͔̫͖͓͇͖ͅh̵̤̣͚͔á̗̼͕ͅo̼</span><span>̣̥s̱͈̺̖̦̻͢.̛̖̞̠̫̰</span><span>̗̺͖̹̯͓Ṯ̤͍̥͇͈h̲́e͏͓̼̗̙̼̣͔ ͇̜̱̠�</span><span>�͍ͅN͕͠e̗̱z̘̝̜̺͙p̤̺̹͍̯͚e̠̻̠͜r̨̤͍̺</span><span>̖͔̖̖d̠̟̭̬̝͟i̦͖̩͓͔̤a̠̗̬͉̙n͚͜ ̻̞̰</span><span>͚ͅh̵͉i̳̞v̢͇ḙ͎͟-҉̭̩̼͔m̤̭̫i͕͇̝̦n̗�</span><span>�ḍ̟ ̯̲͕͞ǫ̟̯̰̲͙̻̝f ̪̰̰̗̖̭̘͘c̦͍̲�</span><span>�͍̩̙ḥ͚a̮͎̟̙͜ơ̩̹͎s̤.̝̝ ҉Z̡̖̜͖̰̣͉</span><span>̜a͖̰͙̬͡l̲̫̳͍̩g̡̟̼̱͚̞̬ͅo̗͜.̟</span><span>̦H̬̤̗̤͝e͜ ̜̥̝̻͍̟́w̕h̖̯͓o̝͙̖͎̱̮ ҉</span><span>̺̙̞̟͈W̷̼̭a̺̪͍į͈͕̭͙̯̜t̶̼̮s̘͙͖̕ ̠</span><span>̫̠B̻͍͙͉̳ͅe̵h̵̬͇̫͙i̹͓̳̳̮͎̫̕n͟d̴̪�</span><span>�̖ ̰͉̩͇͙̲͞ͅT͖̼͓̪͢h͏͓̮̻e̬̝̟ͅ ̤̹̝W</span><span>͙̞̝͔͇͝ͅa͏͓͔̹̼̣l̴͔̰̤̟͔ḽ̫.͕</span><span>Z̮̞̠͙͔ͅḀ̗̞͈̻̗Ḷ͙͎̯̹̞͓G̻O̭̗̮</span><span>˙ɐnbᴉlɐ ɐuƃɐɯ ǝɹolop ʇǝ ǝɹoqɐl ʇn ʇunp�</span><span>��pᴉɔuᴉ ɹodɯǝʇ poɯsnᴉǝ op pǝs 'ʇᴉlǝ ƃu</span><span>ᴉɔsᴉdᴉpɐ ɹnʇǝʇɔǝsuoɔ 'ʇǝɯɐ ʇᴉs ɹol</span><span>op ɯnsdᴉ ɯǝɹo˥</span><span>00˙Ɩ$-</span><span>Ｔｈｅ ｑｕｉｃｋ ｂｒｏｗｎ ｆｏｘ ｊ�</span><span>�ｍｐｓ ｏｖｅｒ ｔｈｅ ｌａｚｙ ｄｏｇ</span><span>𝐓𝐡𝐞 𝐪𝐮𝐢𝐜𝐤 𝐛𝐫𝐨𝐰𝐧 �</span><span>��𝐨𝐱 𝐣𝐮𝐦𝐩𝐬 𝐨𝐯𝐞𝐫 𝐭𝐡</span><span>𝐞 𝐥𝐚𝐳𝐲 𝐝𝐨𝐠</span><span>𝕿𝖍𝖊 𝖖𝖚𝖎𝖈𝖐 𝖇𝖗𝖔𝖜𝖓 �</span><span>��𝖔𝖝 𝖏𝖚𝖒𝖕𝖘 𝖔𝖛𝖊𝖗 𝖙𝖍</span><span>𝖊 𝖑𝖆𝖟𝖞 𝖉𝖔𝖌</span><span>𝑻𝒉𝒆 𝒒𝒖𝒊𝒄𝒌 𝒃𝒓𝒐𝒘𝒏 �</span><span>��𝒐𝒙 𝒋𝒖𝒎𝒑𝒔 𝒐𝒗𝒆𝒓 𝒕𝒉</span><span>𝒆 𝒍𝒂𝒛𝒚 𝒅𝒐𝒈</span><span>𝓣𝓱𝓮 𝓺𝓾𝓲𝓬𝓴 𝓫𝓻𝓸𝔀𝓷 �</span><span>��𝓸𝔁 𝓳𝓾𝓶𝓹𝓼 𝓸𝓿𝓮𝓻 𝓽𝓱</span><span>𝓮 𝓵𝓪𝔃𝔂 𝓭𝓸𝓰</span><span>𝕋𝕙𝕖 𝕢𝕦𝕚𝕔𝕜 𝕓𝕣𝕠𝕨𝕟 �</span><span>��𝕠𝕩 𝕛𝕦𝕞𝕡𝕤 𝕠𝕧𝕖𝕣 𝕥𝕙</span><span>𝕖 𝕝𝕒𝕫𝕪 𝕕𝕠𝕘</span><span>𝚃𝚑𝚎 𝚚𝚞𝚒𝚌𝚔 𝚋𝚛𝚘𝚠𝚗 �</span><span>��𝚘𝚡 𝚓𝚞𝚖𝚙𝚜 𝚘𝚟𝚎𝚛 𝚝𝚑</span><span>𝚎 𝚕𝚊𝚣𝚢 𝚍𝚘𝚐</span><span>⒯⒣⒠ ⒬⒰⒤⒞⒦ ⒝⒭⒪⒲⒩ ⒡⒪⒳ ⒥�</span><span>�⒨⒫⒮ ⒪⒱⒠⒭ ⒯⒣⒠ ⒧⒜⒵⒴ ⒟⒪⒢</span><span>&lt;script&gt;alert(123)&lt;/script&gt;</span><span>&amp;lt;script&amp;gt;alert(&amp;#39;123&amp;#39;);&amp;lt;/script&amp;gt;</span><span>&lt;img src=x onerror=alert(123) /&gt;</span><span>&lt;svg&gt;&lt;script&gt;123&lt;1&gt;alert(123)&lt;/script&gt;</span><span>\\"&gt;&lt;script&gt;alert(123)&lt;/script&gt;</span><span>'&gt;&lt;script&gt;alert(123)&lt;/script&gt;</span><span>&gt;&lt;script&gt;alert(123)&lt;/script&gt;</span><span>&lt;/script&gt;&lt;script&gt;alert(123)&lt;/script&gt;</span><span>&lt; / script &gt;&lt; script &gt;alert(123)&lt; / script &gt;</span><span>onfocus=JaVaSCript:alert(123) autofocus</span><span>\\" onfocus=JaVaSCript:alert(123) autofocus</span><span>' onfocus=JaVaSCript:alert(123) autofocus</span><span>＜script＞alert(123)＜/script＞</span><span>&lt;sc&lt;script&gt;ript&gt;alert(123)&lt;/sc&lt;/script&gt;ript&gt;</span><span>--&gt;&lt;script&gt;alert(123)&lt;/script&gt;</span><span>\\";alert(123);t=\\"</span><span>';alert(123);t='</span><span>JavaSCript:alert(123)</span><span>;alert(123);</span><span>src=JaVaSCript:prompt(132)</span><span>\\"&gt;&lt;script&gt;alert(123);&lt;/script x=\\"</span><span>'&gt;&lt;script&gt;alert(123);&lt;/script x='</span><span>&gt;&lt;script&gt;alert(123);&lt;/script x=</span><span>\\" autofocus onkeyup=\\"javascript:alert(123)</span><span>' autofocus onkeyup='javascript:alert(123)</span><span>&lt;scriptx20type=\\"text/javascript\\"&gt;javascript:alert(1);&lt;/sc</span><span>ript&gt;</span><span>&lt;scriptx3Etype=\\"text/javascript\\"&gt;javascript:alert(1);&lt;/sc</span><span>ript&gt;</span><span>&lt;scriptx0Dtype=\\"text/javascript\\"&gt;javascript:alert(1);&lt;/sc</span><span>ript&gt;</span><span>&lt;scriptx09type=\\"text/javascript\\"&gt;javascript:alert(1);&lt;/sc</span><span>ript&gt;</span><span>&lt;scriptx0Ctype=\\"text/javascript\\"&gt;javascript:alert(1);&lt;/sc</span><span>ript&gt;</span><span>&lt;scriptx2Ftype=\\"text/javascript\\"&gt;javascript:alert(1);&lt;/sc</span><span>ript&gt;</span><span>&lt;scriptx0Atype=\\"text/javascript\\"&gt;javascript:alert(1);&lt;/sc</span><span>ript&gt;</span><span>'\`\\"&gt;&lt;x3Cscript&gt;javascript:alert(1)&lt;/script&gt;</span><span>'\`\\"&gt;&lt;x00script&gt;javascript:alert(1)&lt;/script&gt;</span><span>ABC&lt;div style=\\"xx3Aexpression(javascript:alert(1)\\"&gt;DEF</span><span>ABC&lt;div style=\\"x:expressionx5C(javascript:alert(1)\\"&gt;DEF</span><span>ABC&lt;div style=\\"x:expressionx00(javascript:alert(1)\\"&gt;DEF</span><span>ABC&lt;div style=\\"x:expx00ression(javascript:alert(1)\\"&gt;DEF</span><span>ABC&lt;div style=\\"x:expx5Cression(javascript:alert(1)\\"&gt;DEF</span><span>ABC&lt;div style=\\"x:x0Aexpression(javascript:alert(1)\\"&gt;DEF</span><span>ABC&lt;div style=\\"x:x09expression(javascript:alert(1)\\"&gt;DEF</span><span>ABC&lt;div style=\\"x:xE3x80x80expression(javascript:alert(1)\\"</span><span>&gt;DEF</span><span>ABC&lt;div style=\\"x:xE2x80x84expression(javascript:alert(1)\\"</span><span>&gt;DEF</span><span>ABC&lt;div style=\\"x:xC2xA0expression(javascript:alert(1)\\"&gt;DE</span><span>F</span><span>ABC&lt;div style=\\"x:xE2x80x80expression(javascript:alert(1)\\"</span><span>&gt;DEF</span><span>ABC&lt;div style=\\"x:xE2x80x8Aexpression(javascript:alert(1)\\"</span><span>&gt;DEF</span><span>ABC&lt;div style=\\"x:x0Dexpression(javascript:alert(1)\\"&gt;DEF</span><span>ABC&lt;div style=\\"x:x0Cexpression(javascript:alert(1)\\"&gt;DEF</span><span>ABC&lt;div style=\\"x:xE2x80x87expression(javascript:alert(1)\\"</span><span>&gt;DEF</span><span>ABC&lt;div style=\\"x:xEFxBBxBFexpression(javascript:alert(1)\\"</span><span>&gt;DEF</span><span>ABC&lt;div style=\\"x:x20expression(javascript:alert(1)\\"&gt;DEF</span><span>ABC&lt;div style=\\"x:xE2x80x88expression(javascript:alert(1)\\"</span><span>&gt;DEF</span><span>ABC&lt;div style=\\"x:x00expression(javascript:alert(1)\\"&gt;DEF</span><span>ABC&lt;div style=\\"x:xE2x80x8Bexpression(javascript:alert(1)\\"</span><span>&gt;DEF</span><span>ABC&lt;div style=\\"x:xE2x80x86expression(javascript:alert(1)\\"</span><span>&gt;DEF</span><span>ABC&lt;div style=\\"x:xE2x80x85expression(javascript:alert(1)\\"</span><span>&gt;DEF</span><span>ABC&lt;div style=\\"x:xE2x80x82expression(javascript:alert(1)\\"</span><span>&gt;DEF</span><span>ABC&lt;div style=\\"x:x0Bexpression(javascript:alert(1)\\"&gt;DEF</span><span>ABC&lt;div style=\\"x:xE2x80x81expression(javascript:alert(1)\\"</span><span>&gt;DEF</span><span>ABC&lt;div style=\\"x:xE2x80x83expression(javascript:alert(1)\\"</span><span>&gt;DEF</span><span>ABC&lt;div style=\\"x:xE2x80x89expression(javascript:alert(1)\\"</span><span>&gt;DEF</span><span>&lt;a href=\\"x0Bjavascript:javascript:alert(1)\\" id=\\"fuzzeleme</span><span>nt1\\"&gt;test&lt;/a&gt;</span><span>&lt;a href=\\"x0Fjavascript:javascript:alert(1)\\" id=\\"fuzzeleme</span><span>nt1\\"&gt;test&lt;/a&gt;</span><span>&lt;a href=\\"xC2xA0javascript:javascript:alert(1)\\" id=\\"fuzzel</span><span>ement1\\"&gt;test&lt;/a&gt;</span><span>&lt;a href=\\"x05javascript:javascript:alert(1)\\" id=\\"fuzzeleme</span><span>nt1\\"&gt;test&lt;/a&gt;</span><span>&lt;a href=\\"xE1xA0x8Ejavascript:javascript:alert(1)\\" id=\\"fuz</span><span>zelement1\\"&gt;test&lt;/a&gt;</span><span>&lt;a href=\\"x18javascript:javascript:alert(1)\\" id=\\"fuzzeleme</span><span>nt1\\"&gt;test&lt;/a&gt;</span><span>&lt;a href=\\"x11javascript:javascript:alert(1)\\" id=\\"fuzzeleme</span><span>nt1\\"&gt;test&lt;/a&gt;</span><span>&lt;a href=\\"xE2x80x88javascript:javascript:alert(1)\\" id=\\"fuz</span><span>zelement1\\"&gt;test&lt;/a&gt;</span><span>&lt;a href=\\"xE2x80x89javascript:javascript:alert(1)\\" id=\\"fuz</span><span>zelement1\\"&gt;test&lt;/a&gt;</span><span>&lt;a href=\\"xE2x80x80javascript:javascript:alert(1)\\" id=\\"fuz</span><span>zelement1\\"&gt;test&lt;/a&gt;</span><span>&lt;a href=\\"x17javascript:javascript:alert(1)\\" id=\\"fuzzeleme</span><span>nt1\\"&gt;test&lt;/a&gt;</span><span>&lt;a href=\\"x03javascript:javascript:alert(1)\\" id=\\"fuzzeleme</span><span>nt1\\"&gt;test&lt;/a&gt;</span><span>&lt;a href=\\"x0Ejavascript:javascript:alert(1)\\" id=\\"fuzzeleme</span><span>nt1\\"&gt;test&lt;/a&gt;</span><span>&lt;a href=\\"x1Ajavascript:javascript:alert(1)\\" id=\\"fuzzeleme</span><span>nt1\\"&gt;test&lt;/a&gt;</span><span>&lt;a href=\\"x00javascript:javascript:alert(1)\\" id=\\"fuzzeleme</span><span>nt1\\"&gt;test&lt;/a&gt;</span><span>&lt;a href=\\"x10javascript:javascript:alert(1)\\" id=\\"fuzzeleme</span><span>nt1\\"&gt;test&lt;/a&gt;</span><span>&lt;a href=\\"xE2x80x82javascript:javascript:alert(1)\\" id=\\"fuz</span><span>zelement1\\"&gt;test&lt;/a&gt;</span><span>&lt;a href=\\"x20javascript:javascript:alert(1)\\" id=\\"fuzzeleme</span><span>nt1\\"&gt;test&lt;/a&gt;</span><span>&lt;a href=\\"x13javascript:javascript:alert(1)\\" id=\\"fuzzeleme</span><span>nt1\\"&gt;test&lt;/a&gt;</span><span>&lt;a href=\\"x09javascript:javascript:alert(1)\\" id=\\"fuzzeleme</span><span>nt1\\"&gt;test&lt;/a&gt;</span><span>&lt;a href=\\"xE2x80x8Ajavascript:javascript:alert(1)\\" id=\\"fuz</span><span>zelement1\\"&gt;test&lt;/a&gt;</span><span>&lt;a href=\\"x14javascript:javascript:alert(1)\\" id=\\"fuzzeleme</span><span>nt1\\"&gt;test&lt;/a&gt;</span><span>&lt;a href=\\"x19javascript:javascript:alert(1)\\" id=\\"fuzzeleme</span><span>nt1\\"&gt;test&lt;/a&gt;</span><span>&lt;a href=\\"xE2x80xAFjavascript:javascript:alert(1)\\" id=\\"fuz</span><span>zelement1\\"&gt;test&lt;/a&gt;</span><span>&lt;a href=\\"x1Fjavascript:javascript:alert(1)\\" id=\\"fuzzeleme</span><span>nt1\\"&gt;test&lt;/a&gt;</span><span>&lt;a href=\\"xE2x80x81javascript:javascript:alert(1)\\" id=\\"fuz</span><span>zelement1\\"&gt;test&lt;/a&gt;</span><span>&lt;a href=\\"x1Djavascript:javascript:alert(1)\\" id=\\"fuzzeleme</span><span>nt1\\"&gt;test&lt;/a&gt;</span><span>&lt;a href=\\"xE2x80x87javascript:javascript:alert(1)\\" id=\\"fuz</span><span>zelement1\\"&gt;test&lt;/a&gt;</span><span>&lt;a href=\\"x07javascript:javascript:alert(1)\\" id=\\"fuzzeleme</span><span>nt1\\"&gt;test&lt;/a&gt;</span><span>&lt;a href=\\"xE1x9Ax80javascript:javascript:alert(1)\\" id=\\"fuz</span><span>zelement1\\"&gt;test&lt;/a&gt;</span><span>&lt;a href=\\"xE2x80x83javascript:javascript:alert(1)\\" id=\\"fuz</span><span>zelement1\\"&gt;test&lt;/a&gt;</span><span>&lt;a href=\\"x04javascript:javascript:alert(1)\\" id=\\"fuzzeleme</span><span>nt1\\"&gt;test&lt;/a&gt;</span><span>&lt;a href=\\"x01javascript:javascript:alert(1)\\" id=\\"fuzzeleme</span><span>nt1\\"&gt;test&lt;/a&gt;</span><span>&lt;a href=\\"x08javascript:javascript:alert(1)\\" id=\\"fuzzeleme</span><span>nt1\\"&gt;test&lt;/a&gt;</span><span>&lt;a href=\\"xE2x80x84javascript:javascript:alert(1)\\" id=\\"fuz</span><span>zelement1\\"&gt;test&lt;/a&gt;</span><span>&lt;a href=\\"xE2x80x86javascript:javascript:alert(1)\\" id=\\"fuz</span><span>zelement1\\"&gt;test&lt;/a&gt;</span><span>&lt;a href=\\"xE3x80x80javascript:javascript:alert(1)\\" id=\\"fuz</span><span>zelement1\\"&gt;test&lt;/a&gt;</span><span>&lt;a href=\\"x12javascript:javascript:alert(1)\\" id=\\"fuzzeleme</span><span>nt1\\"&gt;test&lt;/a&gt;</span><span>&lt;a href=\\"x0Djavascript:javascript:alert(1)\\" id=\\"fuzzeleme</span><span>nt1\\"&gt;test&lt;/a&gt;</span><span>&lt;a href=\\"x0Ajavascript:javascript:alert(1)\\" id=\\"fuzzeleme</span><span>nt1\\"&gt;test&lt;/a&gt;</span><span>&lt;a href=\\"x0Cjavascript:javascript:alert(1)\\" id=\\"fuzzeleme</span><span>nt1\\"&gt;test&lt;/a&gt;</span><span>&lt;a href=\\"x15javascript:javascript:alert(1)\\" id=\\"fuzzeleme</span><span>nt1\\"&gt;test&lt;/a&gt;</span><span>&lt;a href=\\"xE2x80xA8javascript:javascript:alert(1)\\" id=\\"fuz</span><span>zelement1\\"&gt;test&lt;/a&gt;</span><span>&lt;a href=\\"x16javascript:javascript:alert(1)\\" id=\\"fuzzeleme</span><span>nt1\\"&gt;test&lt;/a&gt;</span><span>&lt;a href=\\"x02javascript:javascript:alert(1)\\" id=\\"fuzzeleme</span><span>nt1\\"&gt;test&lt;/a&gt;</span><span>&lt;a href=\\"x1Bjavascript:javascript:alert(1)\\" id=\\"fuzzeleme</span><span>nt1\\"&gt;test&lt;/a&gt;</span><span>&lt;a href=\\"x06javascript:javascript:alert(1)\\" id=\\"fuzzeleme</span><span>nt1\\"&gt;test&lt;/a&gt;</span><span>&lt;a href=\\"xE2x80xA9javascript:javascript:alert(1)\\" id=\\"fuz</span><span>zelement1\\"&gt;test&lt;/a&gt;</span><span>&lt;a href=\\"xE2x80x85javascript:javascript:alert(1)\\" id=\\"fuz</span><span>zelement1\\"&gt;test&lt;/a&gt;</span><span>&lt;a href=\\"x1Ejavascript:javascript:alert(1)\\" id=\\"fuzzeleme</span><span>nt1\\"&gt;test&lt;/a&gt;</span><span>&lt;a href=\\"xE2x81x9Fjavascript:javascript:alert(1)\\" id=\\"fuz</span><span>zelement1\\"&gt;test&lt;/a&gt;</span><span>&lt;a href=\\"x1Cjavascript:javascript:alert(1)\\" id=\\"fuzzeleme</span><span>nt1\\"&gt;test&lt;/a&gt;</span><span>&lt;a href=\\"javascriptx00:javascript:alert(1)\\" id=\\"fuzzeleme</span><span>nt1\\"&gt;test&lt;/a&gt;</span><span>&lt;a href=\\"javascriptx3A:javascript:alert(1)\\" id=\\"fuzzeleme</span><span>nt1\\"&gt;test&lt;/a&gt;</span><span>&lt;a href=\\"javascriptx09:javascript:alert(1)\\" id=\\"fuzzeleme</span><span>nt1\\"&gt;test&lt;/a&gt;</span><span>&lt;a href=\\"javascriptx0D:javascript:alert(1)\\" id=\\"fuzzeleme</span><span>nt1\\"&gt;test&lt;/a&gt;</span><span>&lt;a href=\\"javascriptx0A:javascript:alert(1)\\" id=\\"fuzzeleme</span><span>nt1\\"&gt;test&lt;/a&gt;</span><span>\`\\"'&gt;&lt;img src=xxx:x x0Aonerror=javascript:alert(1)&gt;</span><span>\`\\"'&gt;&lt;img src=xxx:x x22onerror=javascript:alert(1)&gt;</span><span>\`\\"'&gt;&lt;img src=xxx:x x0Bonerror=javascript:alert(1)&gt;</span><span>\`\\"'&gt;&lt;img src=xxx:x x0Donerror=javascript:alert(1)&gt;</span><span>\`\\"'&gt;&lt;img src=xxx:x x2Fonerror=javascript:alert(1)&gt;</span><span>\`\\"'&gt;&lt;img src=xxx:x x09onerror=javascript:alert(1)&gt;</span><span>\`\\"'&gt;&lt;img src=xxx:x x0Conerror=javascript:alert(1)&gt;</span><span>\`\\"'&gt;&lt;img src=xxx:x x00onerror=javascript:alert(1)&gt;</span><span>\`\\"'&gt;&lt;img src=xxx:x x27onerror=javascript:alert(1)&gt;</span><span>\`\\"'&gt;&lt;img src=xxx:x x20onerror=javascript:alert(1)&gt;</span><span>\\"\`'&gt;&lt;script&gt;x3Bjavascript:alert(1)&lt;/script&gt;</span><span>\\"\`'&gt;&lt;script&gt;x0Djavascript:alert(1)&lt;/script&gt;</span><span>\\"\`'&gt;&lt;script&gt;xEFxBBxBFjavascript:alert(1)&lt;/script&gt;</span><span>\\"\`'&gt;&lt;script&gt;xE2x80x81javascript:alert(1)&lt;/script&gt;</span><span>\\"\`'&gt;&lt;script&gt;xE2x80x84javascript:alert(1)&lt;/script&gt;</span><span>\\"\`'&gt;&lt;script&gt;xE3x80x80javascript:alert(1)&lt;/script&gt;</span><span>\\"\`'&gt;&lt;script&gt;x09javascript:alert(1)&lt;/script&gt;</span><span>\\"\`'&gt;&lt;script&gt;xE2x80x89javascript:alert(1)&lt;/script&gt;</span><span>\\"\`'&gt;&lt;script&gt;xE2x80x85javascript:alert(1)&lt;/script&gt;</span><span>\\"\`'&gt;&lt;script&gt;xE2x80x88javascript:alert(1)&lt;/script&gt;</span><span>\\"\`'&gt;&lt;script&gt;x00javascript:alert(1)&lt;/script&gt;</span><span>\\"\`'&gt;&lt;script&gt;xE2x80xA8javascript:alert(1)&lt;/script&gt;</span><span>\\"\`'&gt;&lt;script&gt;xE2x80x8Ajavascript:alert(1)&lt;/script&gt;</span><span>\\"\`'&gt;&lt;script&gt;xE1x9Ax80javascript:alert(1)&lt;/script&gt;</span><span>\\"\`'&gt;&lt;script&gt;x0Cjavascript:alert(1)&lt;/script&gt;</span><span>\\"\`'&gt;&lt;script&gt;x2Bjavascript:alert(1)&lt;/script&gt;</span><span>\\"\`'&gt;&lt;script&gt;xF0x90x96x9Ajavascript:alert(1)&lt;/script&gt;</span><span>\\"\`'&gt;&lt;script&gt;-javascript:alert(1)&lt;/script&gt;</span><span>\\"\`'&gt;&lt;script&gt;x0Ajavascript:alert(1)&lt;/script&gt;</span><span>\\"\`'&gt;&lt;script&gt;xE2x80xAFjavascript:alert(1)&lt;/script&gt;</span><span>\\"\`'&gt;&lt;script&gt;x7Ejavascript:alert(1)&lt;/script&gt;</span><span>\\"\`'&gt;&lt;script&gt;xE2x80x87javascript:alert(1)&lt;/script&gt;</span><span>\\"\`'&gt;&lt;script&gt;xE2x81x9Fjavascript:alert(1)&lt;/script&gt;</span><span>\\"\`'&gt;&lt;script&gt;xE2x80xA9javascript:alert(1)&lt;/script&gt;</span><span>\\"\`'&gt;&lt;script&gt;xC2x85javascript:alert(1)&lt;/script&gt;</span><span>\\"\`'&gt;&lt;script&gt;xEFxBFxAEjavascript:alert(1)&lt;/script&gt;</span><span>\\"\`'&gt;&lt;script&gt;xE2x80x83javascript:alert(1)&lt;/script&gt;</span><span>\\"\`'&gt;&lt;script&gt;xE2x80x8Bjavascript:alert(1)&lt;/script&gt;</span><span>\\"\`'&gt;&lt;script&gt;xEFxBFxBEjavascript:alert(1)&lt;/script&gt;</span><span>\\"\`'&gt;&lt;script&gt;xE2x80x80javascript:alert(1)&lt;/script&gt;</span><span>\\"\`'&gt;&lt;script&gt;x21javascript:alert(1)&lt;/script&gt;</span><span>\\"\`'&gt;&lt;script&gt;xE2x80x82javascript:alert(1)&lt;/script&gt;</span><span>\\"\`'&gt;&lt;script&gt;xE2x80x86javascript:alert(1)&lt;/script&gt;</span><span>\\"\`'&gt;&lt;script&gt;xE1xA0x8Ejavascript:alert(1)&lt;/script&gt;</span><span>\\"\`'&gt;&lt;script&gt;x0Bjavascript:alert(1)&lt;/script&gt;</span><span>\\"\`'&gt;&lt;script&gt;x20javascript:alert(1)&lt;/script&gt;</span><span>\\"\`'&gt;&lt;script&gt;xC2xA0javascript:alert(1)&lt;/script&gt;</span><span>&lt;img x00src=x onerror=\\"alert(1)\\"&gt;</span><span>&lt;img x47src=x onerror=\\"javascript:alert(1)\\"&gt;</span><span>&lt;img x11src=x onerror=\\"javascript:alert(1)\\"&gt;</span><span>&lt;img x12src=x onerror=\\"javascript:alert(1)\\"&gt;</span><span>&lt;imgx47src=x onerror=\\"javascript:alert(1)\\"&gt;</span><span>&lt;imgx10src=x onerror=\\"javascript:alert(1)\\"&gt;</span><span>&lt;imgx13src=x onerror=\\"javascript:alert(1)\\"&gt;</span><span>&lt;imgx32src=x onerror=\\"javascript:alert(1)\\"&gt;</span><span>&lt;imgx47src=x onerror=\\"javascript:alert(1)\\"&gt;</span><span>&lt;imgx11src=x onerror=\\"javascript:alert(1)\\"&gt;</span><span>&lt;img x47src=x onerror=\\"javascript:alert(1)\\"&gt;</span><span>&lt;img x34src=x onerror=\\"javascript:alert(1)\\"&gt;</span><span>&lt;img x39src=x onerror=\\"javascript:alert(1)\\"&gt;</span><span>&lt;img x00src=x onerror=\\"javascript:alert(1)\\"&gt;</span><span>&lt;img srcx09=x onerror=\\"javascript:alert(1)\\"&gt;</span><span>&lt;img srcx10=x onerror=\\"javascript:alert(1)\\"&gt;</span><span>&lt;img srcx13=x onerror=\\"javascript:alert(1)\\"&gt;</span><span>&lt;img srcx32=x onerror=\\"javascript:alert(1)\\"&gt;</span><span>&lt;img srcx12=x onerror=\\"javascript:alert(1)\\"&gt;</span><span>&lt;img srcx11=x onerror=\\"javascript:alert(1)\\"&gt;</span><span>&lt;img srcx00=x onerror=\\"javascript:alert(1)\\"&gt;</span><span>&lt;img srcx47=x onerror=\\"javascript:alert(1)\\"&gt;</span><span>&lt;img src=xx09onerror=\\"javascript:alert(1)\\"&gt;</span><span>&lt;img src=xx10onerror=\\"javascript:alert(1)\\"&gt;</span><span>&lt;img src=xx11onerror=\\"javascript:alert(1)\\"&gt;</span><span>&lt;img src=xx12onerror=\\"javascript:alert(1)\\"&gt;</span><span>&lt;img src=xx13onerror=\\"javascript:alert(1)\\"&gt;</span><span>&lt;img[a][b][c]src[d]=x[e]onerror=[f]\\"alert(1)\\"&gt;</span><span>&lt;img src=x onerror=x09\\"javascript:alert(1)\\"&gt;</span><span>&lt;img src=x onerror=x10\\"javascript:alert(1)\\"&gt;</span><span>&lt;img src=x onerror=x11\\"javascript:alert(1)\\"&gt;</span><span>&lt;img src=x onerror=x12\\"javascript:alert(1)\\"&gt;</span><span>&lt;img src=x onerror=x32\\"javascript:alert(1)\\"&gt;</span><span>&lt;img src=x onerror=x00\\"javascript:alert(1)\\"&gt;</span><span>&lt;a href=java&amp;#1&amp;#2&amp;#3&amp;#4&amp;#5&amp;#6&amp;#7&amp;#8&amp;#11&amp;#12script:javasc</span><span>ript:alert(1)&gt;XXX&lt;/a&gt;</span><span>&lt;img src=\\"x\` \`&lt;script&gt;javascript:alert(1)&lt;/script&gt;\\"\` \`&gt;</span><span>&lt;img src onerror /\\" '\\"= alt=javascript:alert(1)//\\"&gt;</span><span>&lt;title onpropertychange=javascript:alert(1)&gt;&lt;/title&gt;&lt;titl</span><span>e title=&gt;</span><span>&lt;a href=http://foo.bar/#x=\`y&gt;&lt;/a&gt;&lt;img alt=\\"\`&gt;&lt;img src=x:x</span><span> onerror=javascript:alert(1)&gt;&lt;/a&gt;\\"&gt;</span><span>&lt;!--[if]&gt;&lt;script&gt;javascript:alert(1)&lt;/script --&gt;</span><span>&lt;!--[if&lt;img src=x onerror=javascript:alert(1)//]&gt; --&gt;</span><span>&lt;script src=\\"/%(jscript)s\\"&gt;&lt;/script&gt;</span><span>&lt;script src=\\"\\\\%(jscript)s\\"&gt;&lt;/script&gt;</span><span>&lt;IMG \\"\\"\\"&gt;&lt;SCRIPT&gt;alert(\\"XSS\\")&lt;/SCRIPT&gt;\\"&gt;</span><span>&lt;IMG SRC=javascript:alert(String.fromCharCode(88,83,83))&gt;</span><span>&lt;IMG SRC=# onmouseover=\\"alert('xxs')\\"&gt;</span><span>&lt;IMG SRC= onmouseover=\\"alert('xxs')\\"&gt;</span><span>&lt;IMG onmouseover=\\"alert('xxs')\\"&gt;</span><span>&lt;IMG SRC=&amp;#106;&amp;#97;&amp;#118;&amp;#97;&amp;#115;&amp;#99;&amp;#114;&amp;#105;&amp;#1</span><span>12;&amp;#116;&amp;#58;&amp;#97;&amp;#108;&amp;#101;&amp;#114;&amp;#116;&amp;#40;&amp;#39;&amp;#88</span><span>;&amp;#83;&amp;#83;&amp;#39;&amp;#41;&gt;</span><span>&lt;IMG SRC=&amp;#0000106&amp;#0000097&amp;#0000118&amp;#0000097&amp;#0000115&amp;#0</span><span>000099&amp;#0000114&amp;#0000105&amp;#0000112&amp;#0000116&amp;#0000058&amp;#0000</span><span>097&amp;#0000108&amp;#0000101&amp;#0000114&amp;#0000116&amp;#0000040&amp;#0000039</span><span>&amp;#0000088&amp;#0000083&amp;#0000083&amp;#0000039&amp;#0000041&gt;</span><span>&lt;IMG SRC=&amp;#x6A&amp;#x61&amp;#x76&amp;#x61&amp;#x73&amp;#x63&amp;#x72&amp;#x69&amp;#x70&amp;#x</span><span>74&amp;#x3A&amp;#x61&amp;#x6C&amp;#x65&amp;#x72&amp;#x74&amp;#x28&amp;#x27&amp;#x58&amp;#x53&amp;#x53</span><span>&amp;#x27&amp;#x29&gt;</span><span>&lt;IMG SRC=\\"jav ascript:alert('XSS');\\"&gt;</span><span>&lt;IMG SRC=\\"jav&amp;#x09;ascript:alert('XSS');\\"&gt;</span><span>&lt;IMG SRC=\\"jav&amp;#x0A;ascript:alert('XSS');\\"&gt;</span><span>&lt;IMG SRC=\\"jav&amp;#x0D;ascript:alert('XSS');\\"&gt;</span><span>perl -e 'print \\"&lt;IMG SRC=java0script:alert(\\"XSS\\")&gt;\\";' &gt; o</span><span>ut</span><span>&lt;IMG SRC=\\" &amp;#14; javascript:alert('XSS');\\"&gt;</span><span>&lt;SCRIPT/XSS SRC=\\"http://ha.ckers.org/xss.js\\"&gt;&lt;/SCRIPT&gt;</span><span>&lt;BODY onload!#$%&amp;()*~+-_.,:;?@[/|]^\`=alert(\\"XSS\\")&gt;</span><span>&lt;SCRIPT/SRC=\\"http://ha.ckers.org/xss.js\\"&gt;&lt;/SCRIPT&gt;</span><span>&lt;&lt;SCRIPT&gt;alert(\\"XSS\\");//&lt;&lt;/SCRIPT&gt;</span><span>&lt;SCRIPT SRC=http://ha.ckers.org/xss.js?&lt; B &gt;</span><span>&lt;SCRIPT SRC=//ha.ckers.org/.j&gt;</span><span>&lt;IMG SRC=\\"javascript:alert('XSS')\\"</span><span>&lt;iframe src=http://ha.ckers.org/scriptlet.html &lt;</span><span>\\";alert('XSS');//</span><span>&lt;u oncopy=alert()&gt; Copy me&lt;/u&gt;</span><span>&lt;i onwheel=alert(1)&gt; Scroll over me &lt;/i&gt;</span><span>&lt;plaintext&gt;</span><span>http://a/%%30%30</span><span>&lt;/textarea&gt;&lt;script&gt;alert(123)&lt;/script&gt;</span><span>1;DROP TABLE users</span><span>1'; DROP TABLE users-- 1</span><span>' OR 1=1 -- 1</span><span>' OR '1'='1</span><span>%</span><span>_</span><span>-</span><span>--</span><span>--version</span><span>--help</span><span>$USER</span><span>/dev/null; touch /tmp/blns.fail ; echo</span><span>\`touch /tmp/blns.fail\`</span><span>$(touch /tmp/blns.fail)</span><span>@{[system \\"touch /tmp/blns.fail\\"]}</span><span>eval(\\"puts 'hello world'\\")</span><span>System(\\"ls -al /\\")</span><span>\`ls -al /\`</span><span>Kernel.exec(\\"ls -al /\\")</span><span>Kernel.exit(1)</span><span>%x('ls -al /')</span><span>&lt;?xml version=\\"1.0\\" encoding=\\"ISO-8859-1\\"?&gt;&lt;!DOCTYPE foo </span><span>[ &lt;!ELEMENT foo ANY &gt;&lt;!ENTITY xxe SYSTEM \\"file:///etc/pas</span><span>swd\\" &gt;]&gt;&lt;foo&gt;&amp;xxe;&lt;/foo&gt;</span><span>$HOME</span><span>$ENV{'HOME'}</span><span>%d</span><span>%s</span><span>{0}</span><span>%*.*s</span><span>../../../../../../../../../../../etc/passwd%00</span><span>../../../../../../../../../../../etc/hosts</span><span>() { 0; }; touch /tmp/blns.shellshock1.fail;</span><span>() { _; } &gt;_[$($())] { touch /tmp/blns.shellshock2.fail; </span><span>}</span><span>&lt;&lt;&lt; %s(un='%s') = %u</span><span>+++ATH0</span><span>CON</span><span>PRN</span><span>AUX</span><span>CLOCK$</span><span>NUL</span><span>A:</span><span>ZZ:</span><span>COM1</span><span>LPT1</span><span>LPT2</span><span>LPT3</span><span>COM2</span><span>COM3</span><span>COM4</span><span>DCC SEND STARTKEYLOGGER 0 0 0</span><span>Scunthorpe General Hospital</span><span>Penistone Community Church</span><span>Lightwater Country Park</span><span>Jimmy Clitheroe</span><span>Horniman Museum</span><span>shitake mushrooms</span><span>RomansInSussex.co.uk</span><span>http://www.cum.qc.ca/</span><span>Craig Cockburn, Software Specialist</span><span>Linda Callahan</span><span>Dr. Herman I. Libshitz</span><span>magna cum laude</span><span>Super Bowl XXX</span><span>medieval erection of parapets</span><span>evaluate</span><span>mocha</span><span>expression</span><span>Arsenal canal</span><span>classic</span><span>Tyson Gay</span><span>Dick Van Dyke</span><span>basement</span><span>If you're reading this, you've been in a coma for almost </span><span>20 years now. We're trying a new technique. We don't know</span><span> where this message will end up in your dream, but we hop</span><span>e it works. Please wake up, we miss you.</span><span>Roses are [0;31mred[0m, violets are [0;34mblue. Hope y</span><span>ou enjoy terminal hue</span><span>But now...[20Cfor my greatest trick...[8m</span><span>The quick brown fox... [Beeeep]</span><span>Powerلُلُصّبُلُلصّبُررً ॣ ॣh ॣ �</span><span>�冗</span><span>گچپژ</span><span>{% print 'x' * 64 * 1024**3 %}</span><span>{{ \\"\\".__class__.__mro__[2].__subclasses__()[40](\\"/etc/pas</span><span>swd\\").read() }}</span></div>"
`;

exports[`kaiku should update a simple counter 1`] = `"<div class=\\"app\\"><span id=\\"display\\">The counter is at 0</span><button>Add one!</button></div>"`;

exports[`kaiku should update a simple counter 2`] = `"<div class=\\"app\\"><span id=\\"display\\">The counter is at 1</span><button>Add one!</button></div>"`;

exports[`kaiku should update a simple counter using local state 1`] = `"<div><span>The counter is at 0</span><button>Add one!</button></div>"`;

exports[`kaiku should update a simple counter using local state 2`] = `"<div><span>The counter is at 1</span><button>Add one!</button></div>"`;

exports[`kaiku should update lazy props efficiently 1`] = `"<div id=\\"list\\"><div style=\\"border-width: 0px;\\"></div><div style=\\"border-width: 0px;\\"></div><div style=\\"border-width: 0px;\\"></div><div style=\\"border-width: 0px;\\"></div><div style=\\"border-width: 0px;\\"></div></div>"`;

exports[`kaiku should update lazy props efficiently 2`] = `"<div id=\\"list\\"><div style=\\"border-width: 10px;\\"></div><div style=\\"border-width: 0px;\\"></div><div style=\\"border-width: 0px;\\"></div><div style=\\"border-width: 0px;\\"></div><div style=\\"border-width: 0px;\\"></div></div>"`;

exports[`kaiku should update lazy props efficiently 3`] = `"<div id=\\"list\\"><div style=\\"border-width: 0px;\\"></div><div style=\\"border-width: 0px;\\"></div><div style=\\"border-width: 0px;\\"></div><div style=\\"border-width: 0px;\\"></div></div>"`;
